[Bootstrap]
SetupTitle=Install
SetupText=Copying Files, please stand by.
CabFile=FY3000e.CAB
Spawn=Setup1.exe
Uninstal=st6unst.exe
TmpDir=msftqws.pdw
Cabs=1

[Bootstrap Files]
File1=@msvbvm50.dll,$(WinSysPathSysFile),$(DLLSelfRegister),,4/13/08 6:00:00 PM,1355776,5.2.82.44
File2=@VB6STKIT.DLL,$(WinSysPathSysFile),,,7/15/00 12:00:00 AM,101888,6.0.84.50
File3=@COMCAT.DLL,$(WinSysPathSysFile),$(DLLSelfRegister),,5/31/98 12:00:00 AM,22288,4.71.1460.1
File4=@ASYCFILT.DLL,$(WinSysPathSysFile),,,3/8/99 12:00:00 AM,147728,2.40.4275.1
File5=@OLEPRO32.DLL,$(WinSysPathSysFile),$(DLLSelfRegister),,3/8/99 12:00:00 AM,164112,5.0.4275.1
File6=@OLEAUT32.DLL,$(WinSysPathSysFile),$(DLLSelfRegister),,4/12/00 12:00:00 AM,598288,2.40.4275.1
File7=@STDOLE2.TLB,$(WinSysPathSysFile),$(TLBRegister),,6/3/99 12:00:00 AM,17920,2.40.4275.1
File8=@msvbvm60.dll,$(WinSysPathSysFile),$(DLLSelfRegister),,4/13/08 6:00:00 PM,1384479,6.0.98.2
File9=@MSVCRT40.DLL,$(WinSysPathSysFile),,,6/1/99 12:00:00 AM,326656,4.22.0.0

[IconGroups]
Group0=AHII 3000e Series
PrivateGroup0=0
Parent0=$(Programs)

[AHII 3000e Series]
Icon1="FY3000e.exe"
Title1=AHII 3000e Series
StartIn1=$(AppPath)

[Setup]
Title=AHII 3000e Series
DefaultDir=$(ProgramFiles)\FEEDLOT 3000e
AppExe=FY3000e.exe
AppToUninstall=FY3000e.exe

[Setup1 Files]
File1=@SfxBar.dll,$(WinSysPath),$(DLLSelfRegister),$(Shared),3/1/99 1:40:52 PM,119296,1.0.5.0
File2=@Fy3000a.bmp,$(AppPath),,$(Shared),1/25/98 2:22:36 PM,436374,0.0.0.0
File3=@3000e_1.ico,$(AppPath),,$(Shared),4/25/11 8:25:17 PM,270398,0.0.0.0
File4=@AHII3000eBackground.JPG,$(AppPath),,$(Shared),4/30/11 2:02:02 PM,39150,0.0.0.0
File5=@MDAC_TYP.EXE,$(WinPath),,$(Shared),6/26/98 12:00:00 AM,8124720,4.71.1015.0
File6=@RDOCURS.DLL,$(WinSysPath),,$(Shared),4/3/00 5:52:54 PM,151552,6.0.88.4
File7=@MSRDO20.DLL,$(WinSysPath),$(DLLSelfRegister),$(Shared),2/23/04 12:00:00 AM,397824,6.1.97.82
File8=@msexcl35.dll,$(WinSysPathSysFile),$(DLLSelfRegister),,10/7/05 1:54:52 PM,252688,3.51.3227.2
File9=@MSDATLST.OCX,$(WinSysPath),$(DLLSelfRegister),$(Shared),3/9/04 12:00:00 AM,234016,6.0.84.18
File10=@tdbgpp8.dll,$(WinSysPath),,$(Shared),5/11/04 4:07:32 PM,507904,8.0.20043.16
File11=@tdbg8.ocx,$(WinSysPath),$(DLLSelfRegister),$(Shared),5/11/04 4:07:56 PM,1060864,8.0.20043.330
File12=@todgub8.dll,$(WinSysPath),$(DLLSelfRegister),$(Shared),5/11/04 4:08:38 PM,249856,8.0.20043.19
File13=@todg8.ocx,$(WinSysPath),$(DLLSelfRegister),$(Shared),5/11/04 4:09:02 PM,1101824,8.0.20043.330
File14=@mscomct2.ocx,$(WinSysPath),$(DLLSelfRegister),$(Shared),3/9/04 12:00:00 AM,662288,6.1.97.82
File15=@comct332.ocx,$(WinSysPath),$(DLLSelfRegister),$(Shared),3/9/04 5:00:00 AM,416528,6.7.0.9782
File16=@msstdfmt.dll,$(WinSysPath),$(DLLSelfRegister),$(Shared),11/8/07 8:19:22 AM,129024,6.1.98.4
File17=@MSADODC.OCX,$(WinSysPath),$(DLLSelfRegister),$(Shared),3/9/04 12:00:00 AM,131856,6.1.97.82
File18=@RICHED32.DLL,$(WinSysPathSysFile),,,5/7/98 12:00:00 AM,174352,4.0.993.4
File19=@RICHTX32.OCX,$(WinSysPath),$(DLLSelfRegister),$(Shared),3/9/04 12:00:00 AM,212240,6.1.97.82
File20=@MSDATGRD.OCX,$(WinSysPath),$(DLLSelfRegister),$(Shared),3/9/04 12:00:00 AM,275216,6.1.97.82
File21=@MSCOMCTL.OCX,$(WinSysPath),$(DLLSelfRegister),$(Shared),4/16/05 12:58:16 AM,1071088,6.1.97.86
File22=@TABCTL32.OCX,$(WinSysPath),$(DLLSelfRegister),$(Shared),3/9/04 12:00:00 AM,224016,6.1.97.82
File23=@SPLITTER.OCX,$(WinSysPath),$(DLLSelfRegister),$(Shared),7/1/97 3:01:10 AM,163096,2.0.1.12
File24=@MSFLXGRD.OCX,$(WinSysPath),$(DLLSelfRegister),$(Shared),3/9/04 12:00:00 AM,260880,6.1.97.82
File25=@THREED20.OCX,$(WinSysPath),$(DLLSelfRegister),$(Shared),11/17/00 5:09:48 PM,333059,2.0.1.15
File26=@MSMASK32.OCX,$(WinSysPath),$(DLLSelfRegister),$(Shared),3/9/04 12:00:00 AM,167968,6.0.84.18
File27=@SSCSDK32.DLL,$(WinSysPath),,$(Shared),10/29/98 11:02:34 AM,901120,1.0.3.7
File28=@u252000.dll,$(WinSysPath),,$(Shared),11/8/98 11:00:00 AM,55808,7.0.0.5
File29=@u2lsamp1.dll,$(WinSysPath),,$(Shared),11/8/98 11:00:00 AM,27136,0.0.0.0
File30=@u2ldts.dll,$(WinSysPath),,$(Shared),11/8/98 11:00:00 AM,38400,0.0.0.0
File31=@u2lcom.dll,$(WinSysPath),,$(Shared),11/8/98 11:00:00 AM,24576,1.0.0.14
File32=@u2lbar.dll,$(WinSysPath),,$(Shared),11/8/98 11:00:00 AM,40960,0.0.0.0
File33=@u2l2000.dll,$(WinSysPath),,$(Shared),11/8/98 11:00:00 AM,56320,7.0.0.5
File34=@U25total.dll,$(WinSysPath),,$(Shared),8/28/97 6:00:00 PM,59904,0.0.0.0
File35=@U25store.dll,$(WinSysPath),,$(Shared),8/28/97 6:00:00 PM,61440,0.0.0.0
File36=@u25dts.dll,$(WinSysPath),,$(Shared),11/8/98 11:00:00 AM,44544,0.0.0.0
File37=@u2fxls.dll,$(WinSysPath),,$(Shared),11/8/98 11:00:00 AM,180736,7.0.0.50
File38=@u2fwordw.dll,$(WinSysPath),,$(Shared),11/8/98 11:00:00 AM,120320,7.0.0.20
File39=@u2fwks.dll,$(WinSysPath),,$(Shared),11/8/98 11:00:00 AM,75264,7.0.0.4
File40=@u2ftext.dll,$(WinSysPath),,$(Shared),11/8/98 11:00:00 AM,129024,7.0.0.38
File41=@u2fsepv.dll,$(WinSysPath),,$(Shared),11/8/98 11:00:00 AM,73728,7.0.0.4
File42=@u2frtf.dll,$(WinSysPath),,$(Shared),11/8/98 11:00:00 AM,113664,7.0.0.48
File43=@u2frec.dll,$(WinSysPath),,$(Shared),11/8/98 11:00:00 AM,64000,7.0.0.6
File44=@u2fodbc.dll,$(WinSysPath),,$(Shared),11/8/98 11:00:00 AM,93184,7.0.0.16
File45=@u2fhtml.dll,$(WinSysPath),,$(Shared),11/8/98 11:00:00 AM,221696,7.0.0.80
File46=@u2fcr.dll,$(WinSysPath),,$(Shared),11/8/98 11:00:00 AM,64000,7.0.0.4
File47=@u2dapp.dll,$(WinSysPath),,$(Shared),11/8/98 11:00:00 AM,70144,7.0.0.3
File48=@u2dvim.dll,$(WinSysPath),,$(Shared),11/8/98 11:00:00 AM,92160,7.0.0.10
File49=@u2dpost.dll,$(WinSysPath),,$(Shared),11/8/98 11:00:00 AM,95232,7.0.0.7
File50=@u2dnotes.dll,$(WinSysPath),,$(Shared),11/8/98 11:00:00 AM,102912,7.0.0.10
File51=@u2dmapi.dll,$(WinSysPath),,$(Shared),11/8/98 11:00:00 AM,74240,7.0.0.4
File52=@u2ddisk.dll,$(WinSysPath),,$(Shared),11/8/98 11:00:00 AM,58880,7.0.0.3
File53=@p2soledb.dll,$(WinSysPath),,$(Shared),11/8/98 11:00:00 AM,138240,7.0.0.26
File54=@p2ssyb10.dll,$(WinSysPath),,$(Shared),11/8/98 11:00:00 AM,160768,7.0.0.49
File55=@p2ssql.dll,$(WinSysPath),,$(Shared),11/8/98 11:00:00 AM,201728,7.0.0.44
File56=@p2sora7.dll,$(WinSysPath),,$(Shared),11/8/98 11:00:00 AM,216064,7.0.0.45
File57=@p2sodbc.dll,$(WinSysPath),,$(Shared),11/8/98 11:00:00 AM,206848,7.0.0.134
File58=@p2smon.dll,$(WinSysPath),,$(Shared),11/8/98 11:00:00 AM,189952,7.0.0.61
File59=@p2sifmx.dll,$(WinSysPath),,$(Shared),11/8/98 10:00:00 AM,173568,7.0.0.15
File60=@p2irdao.dll,$(WinSysPath),,$(Shared),11/8/98 11:00:00 AM,112640,7.0.0.39
File61=@p2ctdao.dll,$(WinSysPath),,$(Shared),11/8/98 11:00:00 AM,81408,7.0.0.29
File62=@p2bxbse.dll,$(WinSysPath),,$(Shared),11/8/98 11:00:00 AM,268288,7.0.0.14
File63=@p2bdao.dll,$(WinSysPath),,$(Shared),11/8/98 11:00:00 AM,152576,7.0.0.39
File64=@p2bbnd.dll,$(WinSysPath),,$(Shared),11/8/98 11:00:00 AM,59392,7.0.0.3
File65=@p2bbde.dll,$(WinSysPath),,$(Shared),11/8/98 11:00:00 AM,208127,7.0.0.25
File66=@crxlat32.dll,$(WinSysPath),,$(Shared),11/8/98 11:00:00 AM,60416,7.0.0.0
File67=@mfc42.dll,$(WinSysPath),$(DLLSelfRegister),$(Shared),2/8/11 8:33:55 AM,978944,6.2.8081.0
File68=@MSVCRT.DLL,$(WinSysPath),,$(Shared),2/17/04 12:00:00 AM,278581,6.0.9782.0
File69=@crpaig32.dll,$(WinSysPath),,$(Shared),11/8/98 11:00:00 AM,229888,5.0.0.2
File70=@IMPLODE.DLL,$(WinSysPath),,$(Shared),11/18/96 1:00:00 AM,18944,1.0.0.1
File71=@crpe32.dll,$(WinSysPath),,$(Shared),11/8/98 11:00:00 AM,5350912,7.0.0.192
File72=@crystl32.ocx,$(WinSysPath),$(DLLSelfRegister),$(Shared),11/8/98 11:00:00 AM,993996,6.1.0.609
File73=@DBGRID32.OCX,$(WinSysPath),$(DLLSelfRegister),$(Shared),6/24/98 1:00:00 AM,525352,5.1.81.4
File74=@DBLIST32.OCX,$(WinSysPath),$(DLLSelfRegister),$(Shared),3/9/04 12:00:00 AM,215312,6.1.97.82
File75=@COMCTL32.OCX,$(WinSysPath),$(DLLSelfRegister),$(Shared),3/9/04 12:00:00 AM,609824,6.0.81.5
File76=@comdlg32.ocx,$(WinSysPath),$(DLLSelfRegister),$(Shared),3/9/04 12:00:00 AM,152848,6.1.97.82
File77=@IRSCTRL.OCX,$(WinSysPath),$(DLLSelfRegister),$(Shared),1/28/98 8:13:50 PM,136704,1.0.0.22
File78=@TDBGS32.OCX,$(WinSysPath),$(DLLSelfRegister),$(Shared),3/31/97 4:58:02 PM,462336,1.0.0.137
File79=@MSCAL.OCX,$(WinSysPath),,$(Shared),10/26/08 6:26:14 AM,110440,12.0.6413.1000
File80=@qbFC2.dll,$(WinSysPath),$(DLLSelfRegister),$(Shared),10/24/02 3:02:26 PM,2269184,2.0.3.9
File81=@qbFC1.dll,$(WinSysPath),$(DLLSelfRegister),$(Shared),3/18/02 11:09:56 AM,1720320,1.1.3.6
File82=@qbfc6.dll,$(WinSysPath),,$(Shared),10/27/06 2:00:22 PM,4657152,6.0.3.1
File83=@c1sizer.ocx,$(WinSysPath),$(DLLSelfRegister),$(Shared),4/29/04 2:23:20 PM,311296,8.0.20043.33
File84=@crviewer9.dll,$(WinSysPath),$(DLLSelfRegister),$(Shared),10/19/03 4:23:52 PM,798728,9.2.2.467
File85=@MSBIND.DLL,$(WinSysPath),$(DLLSelfRegister),$(Shared),2/23/04 12:00:00 AM,78848,6.1.97.82
File86=@craxdrt.dll,$(WinSysPath),$(DLLSelfRegister),$(Shared),11/8/98 10:00:00 AM,4822528,7.0.1.183
File87=@EXCEL.EXE,$(AppPath),,,8/13/10 1:06:46 PM,18354024,12.0.6545.5000
File88=@ODBCTOOL.DLL,$(WinSysPath),$(DLLSelfRegister),$(Shared),6/18/98 1:00:00 AM,32768,6.0.0.8169
File89=@crviewer.dll,$(WinSysPath),$(DLLSelfRegister),$(Shared),11/8/98 10:00:00 AM,369296,2.2.4.36
File90=@sviewhlp.dll,$(WinSysPath),$(DLLSelfRegister),$(Shared),11/8/98 10:00:00 AM,40056,1.0.0.7
File91=@QBConnectorBridge.dll,$(WinSysPath),$(DLLSelfRegister),$(Shared),5/20/02 6:06:28 AM,69685,10.0.0.0
File92=@addinmgr2.dll,$(WinSysPath),,$(Shared),9/19/06 11:32:22 AM,558624,17.0.4001.564
File93=@QBXLAdin.dll,$(WinSysPath),$(DLLSelfRegister),$(Shared),5/20/02 6:05:08 AM,81920,10.0.0.0
File94=@MSDERUN.DLL,$(CommonFiles)\designer,$(DLLSelfRegister),$(Shared),7/15/00 12:00:00 AM,136192,6.0.88.4
File95=@Cfx4032.ocx,$(WinSysPath),$(DLLSelfRegister),$(Shared),4/20/99 4:12:44 PM,562280,4.0.10.0
File96=@FY3Help.dll,$(WinSysPath),$(DLLSelfRegister),$(Shared),1/27/01 11:49:30 PM,77824,1.1.0.9
File97=@marquee.ocx,$(WinSysPath),$(DLLSelfRegister),$(Shared),11/18/97 7:00:00 AM,75520,4.72.2106.4
File98=@VB5DB.DLL,$(WinSysPath),,$(Shared),6/18/98 12:00:00 AM,89360,6.0.81.69
File99=@msrepl35.dll,$(WinSysPathSysFile),,,7/25/03 12:00:00 AM,415504,3.51.3225.0
File100=@MSRD2X35.DLL,$(WinSysPathSysFile),$(DLLSelfRegister),,4/24/98 12:00:00 AM,252176,3.51.623.0
File101=@expsrv.dll,$(WinSysPathSysFile),,,4/13/08 6:00:00 PM,380445,6.0.72.9590
File102=@vbajet32.dll,$(WinSysPathSysFile),,,4/13/08 6:00:00 PM,30749,6.0.1.9432
File103=@MSJINT35.DLL,$(WinSysPathSysFile),,,4/24/98 12:00:00 AM,123664,3.51.623.0
File104=@MSJTER35.DLL,$(WinSysPathSysFile),,,4/24/98 12:00:00 AM,24848,3.51.623.0
File105=@Msjet35.dll,$(WinSysPathSysFile),$(DLLSelfRegister),,7/25/03 12:00:00 AM,1050896,3.51.3328.0

; The following lines may be deleted in order to obtain extra 
; space for customizing this file on a full installation diskette.
; 
; XXXXXXXXXXXXXXXXXXXXXXXXXXXXXXXXXXXXXXXXXXXXXXXXXXXXXXXXXXXX
; XXXXXXXXXXXXXXXXXXXXXXXXXXXXXXXXXXXXXXXXXXXXXXXXXXXXXXXXXXXX
; XXXXXXXXXXXXXXXXXXXXXXXXXXXXXXXXXXXXXXXXXXXXXXXXXXXXXXXXXXXX
; XXXXXXXXXXXXXXXXXXXXXXXXXXXXXXXXXXXXXXXXXXXXXXXXXXXXXXXXXXXX
; XXXXXXXXXXXXXXXXXXXXXXXXXXXXXXXXXXXXXXXXXXXXXXXXXXXXXXXXXXXX
; XXXXXXXXXXXXXXXXXXXXXXXXXXXXXXXXXXXXXXXXXXXXXXXXXXXXXXXXXXXX
; XXXXXXXXXXXXXXXXXXXXXXXXXXXXXXXXXXXXXXXXXXXXXXXXXXXXXXXXXXXX
; XXXXXXXXXXXXXXXXXXXXXXXXXXXXXXXXXXXXXXXXXXXXXXXXXXXXXXXXXXXX
; XXXXXXXXXXXXXXXXXXXXXXXXXXXXXXXXXXXXXXXXXXXXXXXXXXXXXXXXXXXX
; XXXXXXXXXXXXXXXXXXXXXXXXXXXXXXXXXXXXXXXXXXXXXXXXXXXXXXXXXXXX
; XXXXXXXXXXXXXXXXXXXXXXXXXXXXXXXXXXXXXXXXXXXXXXXXXXXXXXXXXXXX
; XXXXXXXXXXXXXXXXXXXXXXXXXXXXXXXXXXXXXXXXXXXXXXXXXXXXXXXXXXXX
; XXXXXXXXXXXXXXXXXXXXXXXXXXXXXXXXXXXXXXXXXXXXXXXXXXXXXXXXXXXX
; XXXXXXXXXXXXXXXXXXXXXXXXXXXXXXXXXXXXXXXXXXXXXXXXXXXXXXXXXXXX
; XXXXXXXXXXXXXXXXXXXXXXXXXXXXXXXXXXXXXXXXXXXXXXXXXXXXXXXXXXXX
; XXXXXXXXXXXXXXXXXXXXXXXXXXXXXXXXXXXXXXXXXXXXXXXXXXXXXXXXXXXX
; XXXXXXXXXXXXXXXXXXXXXXXXXXXXXXXXXXXXXXXXXXXXXXXXXXXXXXXXXXXX
; XXXXXXXXXXXXXXXXXXXXXXXXXXXXXXXXXXXXXXXXXXXXXXXXXXXXXXXXXXXX
; XXXXXXXXXXXXXXXXXXXXXXXXXXXXXXXXXXXXXXXXXXXXXXXXXXXXXXXXXXXX
; XXXXXXXXXXXXXXXXXXXXXXXXXXXXXXXXXXXXXXXXXXXXXXXXXXXXXXXXXXXX
; XXXXXXXXXXXXXXXXXXXXXXXXXXXXXXXXXXXXXXXXXXXXXXXXXXXXXXXXXXXX
; XXXXXXXXXXXXXXXXXXXXXXXXXXXXXXXXXXXXXXXXXXXXXXXXXXXXXXXXXXXX
; XXXXXXXXXXXXXXXXXXXXXXXXXXXXXXXXXXXXXXXXXXXXXXXXXXXXXXXXXXXX
; XXXXXXXXXXXXXXXXXXXXXXXXXXXXXXXXXXXXXXXXXXXXXXXXXXXXXXXXXXXX
; XXXXXXXXXXXXXXXXXXXXXXXXXXXXXXXXXXXXXXXXXXXXXXXXXXXXXXXXXXXX
; XXXXXXXXXXXXXXXXXXXXXXXXXXXXXXXXXXXXXXXXXXXXXXXXXXXXXXXXXXXX
; XXXXXXXXXXXXXXXXXXXXXXXXXXXXXXXXXXXXXXXXXXXXXXXXXXXXXXXXXXXX
; XXXXXXXXXXXXXXXXXXXXXXXXXXXXXXXXXXXXXXXXXXXXXXXXXXXXXXXXXXXX
; XXXXXXXXXXXXXXXXXXXXXXXXXXXXXXXXXXXXXXXXXXXXXXXXXXXXXXXXXXXX
; XXXXXXXXXXXXXXXXXXXXXXXXXXXXXXXXXXXXXXXXXXXXXXXXXXXXXXXXXXXX
; XXXXXXXXXXXXXXXXXXXXXXXXXXXXXXXXXXXXXXXXXXXXXXXXXXXXXXXXXXXX
; XXXXXXXXXXXXXXXXXXXXXXXXXXXXXXXXXXXXXXXXXXXXXXXXXXXXXXXXXXXX
; XXXXXXXXXXXXXXXXXXXXXXXXXXXXXXXXXXXXXXXXXXXXXXXXXXXXXXXXXXXX
; XXXXXXXXXXXXXXXXXXXXXXXXXXXXXXXXXXXXXXXXXXXXXXXXXXXXXXXXXXXX
; XXXXXXXXXXXXXXXXXXXXXXXXXXXXXXXXXXXXXXXXXXXXXXXXXXXXXXXXXXXX
